// Jest Snapshot v1, https://goo.gl/fbAQLP

exports[`Cars snapshot test 1`] = `
<div class="mx-3">
  <div class="row">
    <div class="col-4 text-left"><button class="btn btn-info">
        New Car
      </button></div>
    <div class="col-4">
      <h1 class="text-info font-weight-bold">
        Car details
      </h1>
    </div>
    <div class="col-4"></div>
  </div>
  <div id="category_1">
    <div>
      <b-card-header header-tag="header" role="tab" class="p-1">
        <b-button block="" variant="info">
          <div class="d-flex justify-content-between">
            <div>
              Category 1 (3)
            </div>
            <div>
              <biconchevrondown></biconchevrondown>
            </div>
          </div>
        </b-button>
      </b-card-header>
      <b-collapse id="collapse-1">
        <b-card>
          <div>
            <div id="car_1">
              <validationobserver></validationobserver>
            </div>
            <div class="separator border-info"></div>
          </div>
          <div>
            <div id="car_2">
              <validationobserver></validationobserver>
            </div>
            <div class="separator border-info"></div>
          </div>
          <div>
            <div id="car_3">
              <validationobserver></validationobserver>
            </div>
            <div class="separator border-info"></div>
          </div>
        </b-card>
      </b-collapse>
    </div>
  </div>
  <div id="category_2">
    <div>
      <b-card-header header-tag="header" role="tab" class="p-1">
        <b-button block="" variant="info">
          <div class="d-flex justify-content-between">
            <div>
              Category 2 (0)
            </div>
            <div>
              <biconchevrondown></biconchevrondown>
            </div>
          </div>
        </b-button>
      </b-card-header>
      <b-collapse id="collapse-2">
        <b-card></b-card>
      </b-collapse>
    </div>
  </div>
  <div id="category_3">
    <div>
      <b-card-header header-tag="header" role="tab" class="p-1">
        <b-button block="" variant="info">
          <div class="d-flex justify-content-between">
            <div>
              Category 3 (1)
            </div>
            <div>
              <biconchevrondown></biconchevrondown>
            </div>
          </div>
        </b-button>
      </b-card-header>
      <b-collapse id="collapse-3">
        <b-card>
          <div>
            <div id="car_4">
              <validationobserver></validationobserver>
            </div>
            <div class="separator border-info"></div>
          </div>
        </b-card>
      </b-collapse>
    </div>
  </div>
  <!---->
</div>
`;
